// Jest Snapshot v1, https://goo.gl/fbAQLP

exports[`ChangePasswordTemplate should match snapshot 1`] = `
<View
  accessible={true}
  focusable={true}
  onClick={[Function]}
  onResponderGrant={[Function]}
  onResponderMove={[Function]}
  onResponderRelease={[Function]}
  onResponderTerminate={[Function]}
  onResponderTerminationRequest={[Function]}
  onStartShouldSetResponder={[Function]}
  style={
    Object {
      "backgroundColor": "#FAFCFF",
      "flex": 1,
      "paddingBottom": 30,
      "paddingHorizontal": 20,
      "paddingTop": 30,
    }
  }
>
  <Text
    style={
      Array [
        Object {
          "color": "#4C4C60",
          "fontFamily": "MulishRegular",
          "fontSize": 17,
          "lineHeight": 27.2,
        },
        Object {
          "marginBottom": 20,
        },
      ]
    }
    testID="change-password-template-header-test-id"
  >
    Template header
  </Text>
  <View
    style={
      Array [
        Object {
          "alignItems": "center",
        },
        Object {
          "flexDirection": "row",
        },
        Array [
          Object {
            "backgroundColor": "#FFFFFF",
            "borderRadius": 10,
            "shadowColor": "#161966",
            "shadowOffset": Object {
              "height": 6,
              "width": 0,
            },
            "shadowOpacity": 0.08,
            "shadowRadius": 16,
          },
          Array [
            Object {
              "height": 55,
              "paddingHorizontal": 20,
              "paddingVertical": 14,
            },
            Object {
              "marginBottom": 15,
            },
          ],
        ],
      ]
    }
    testID="change-password-template-password-input-test-id"
  >
    <TextInput
      autoCorrect={false}
      keyboardType="default"
      onChangeText={[Function]}
      placeholder="Password placeholder"
      secureTextEntry={true}
      style={
        Array [
          Object {
            "color": "#1B1D4D",
            "fontFamily": "MulishRegular",
            "fontSize": 15,
          },
          Object {
            "flex": 1,
            "marginRight": 20,
          },
        ]
      }
      testID="input-field-change-password-template-password-input-test-id"
      value=""
    />
    <View
      accessible={true}
      collapsable={false}
      focusable={true}
      hitSlop={20}
      onBlur={[Function]}
      onClick={[Function]}
      onFocus={[Function]}
      onResponderGrant={[Function]}
      onResponderMove={[Function]}
      onResponderRelease={[Function]}
      onResponderTerminate={[Function]}
      onResponderTerminationRequest={[Function]}
      onStartShouldSetResponder={[Function]}
      style={
        Array [
          Object {
            "alignItems": "center",
            "justifyContent": "center",
          },
          Object {
            "right": 0,
          },
          false,
        ]
      }
      testID="icon-btn-change-password-template-password-input-test-id"
    >
      <SvgMock
        color="#1B1D4D"
        height={16}
        testID="eye-off-icon-test-id"
        width={16}
      />
    </View>
  </View>
  <View
    style={
      Array [
        Object {
          "alignItems": "center",
        },
        Object {
          "flexDirection": "row",
        },
        Array [
          Object {
            "backgroundColor": "#FFFFFF",
            "borderRadius": 10,
            "shadowColor": "#161966",
            "shadowOffset": Object {
              "height": 6,
              "width": 0,
            },
            "shadowOpacity": 0.08,
            "shadowRadius": 16,
          },
          Array [
            Object {
              "height": 55,
              "paddingHorizontal": 20,
              "paddingVertical": 14,
            },
            Object {
              "marginBottom": 15,
            },
          ],
        ],
      ]
    }
    testID="change-password-template-confirm-password-input-test-id"
  >
    <TextInput
      autoCorrect={false}
      keyboardType="default"
      onChangeText={[Function]}
      placeholder="Confirm password placeholder"
      secureTextEntry={true}
      style={
        Array [
          Object {
            "color": "#1B1D4D",
            "fontFamily": "MulishRegular",
            "fontSize": 15,
          },
          Object {
            "flex": 1,
            "marginRight": 20,
          },
        ]
      }
      testID="input-field-change-password-template-confirm-password-input-test-id"
      value=""
    />
    <View
      accessible={true}
      collapsable={false}
      focusable={true}
      hitSlop={20}
      onBlur={[Function]}
      onClick={[Function]}
      onFocus={[Function]}
      onResponderGrant={[Function]}
      onResponderMove={[Function]}
      onResponderRelease={[Function]}
      onResponderTerminate={[Function]}
      onResponderTerminationRequest={[Function]}
      onStartShouldSetResponder={[Function]}
      style={
        Array [
          Object {
            "alignItems": "center",
            "justifyContent": "center",
          },
          Object {
            "right": 0,
          },
          false,
        ]
      }
      testID="icon-btn-change-password-template-confirm-password-input-test-id"
    >
      <SvgMock
        color="#1B1D4D"
        height={16}
        testID="eye-off-icon-test-id"
        width={16}
      />
    </View>
  </View>
  <View
    accessible={true}
    collapsable={false}
    focusable={true}
    onBlur={[Function]}
    onClick={[Function]}
    onFocus={[Function]}
    onResponderGrant={[Function]}
    onResponderMove={[Function]}
    onResponderRelease={[Function]}
    onResponderTerminate={[Function]}
    onResponderTerminationRequest={[Function]}
    onStartShouldSetResponder={[Function]}
    style={
      Array [
        false,
        Object {},
      ]
    }
    testID="change-password-template-button-test-id"
  >
    <ViewManagerAdapter_ExpoLinearGradient
      proxiedProperties={
        Object {
          "colors": Array [
            4288142079,
            4279654301,
          ],
          "endPoint": Array [
            1,
            1,
          ],
          "locations": undefined,
          "startPoint": Array [
            0,
            0,
          ],
        }
      }
      style={
        Object {
          "alignItems": "center",
          "borderRadius": 10,
          "height": 55,
          "justifyContent": "center",
        }
      }
    >
      <Text
        style={
          Array [
            Object {
              "color": "#FFFFFF",
              "fontFamily": "MulishSemiBold",
              "fontSize": 17,
            },
            Object {
              "color": "#FFFFFF",
            },
          ]
        }
      >
        Change Password
      </Text>
    </ViewManagerAdapter_ExpoLinearGradient>
  </View>
</View>
`;
