// Jest Snapshot v1, https://goo.gl/fbAQLP

exports[`Checkbox should match snapshot 1`] = `
<View
  accessible={true}
  collapsable={false}
  focusable={true}
  hitSlop={20}
  onBlur={[Function]}
  onClick={[Function]}
  onFocus={[Function]}
  onResponderGrant={[Function]}
  onResponderMove={[Function]}
  onResponderRelease={[Function]}
  onResponderTerminate={[Function]}
  onResponderTerminationRequest={[Function]}
  onStartShouldSetResponder={[Function]}
  style={
    Object {
      "alignItems": "center",
      "borderColor": "#868698",
      "borderRadius": 4,
      "borderWidth": 1,
      "height": 22,
      "justifyContent": "center",
      "width": 22,
    }
  }
  testID="checkbox-test-id"
/>
`;
