// Jest Snapshot v1, https://goo.gl/fbAQLP

exports[`DashboardCards should match snapshot 1`] = `
<View
  style={
    Object {
      "backgroundColor": "#1B1D4D",
      "borderBottomLeftRadius": 30,
      "borderBottomRightRadius": 30,
      "flex": 0.55,
      "overflow": "hidden",
    }
  }
>
  <View
    accessibilityIgnoresInvertColors={true}
    style={
      Array [
        Object {
          "flex": 1,
        },
        Object {
          "width": 750,
        },
      ]
    }
  >
    <Image
      source={1}
      style={
        Array [
          Object {
            "bottom": 0,
            "left": 0,
            "position": "absolute",
            "right": 0,
            "top": 0,
          },
          Object {
            "height": undefined,
            "width": 750,
          },
          undefined,
        ]
      }
    />
    <RNCSafeAreaView
      edges={
        Array [
          "bottom",
          "left",
          "right",
          "top",
        ]
      }
    >
      <View
        style={
          Array [
            Object {
              "alignItems": "center",
            },
            Object {
              "flexDirection": "row",
            },
            Object {
              "alignItems": "center",
              "justifyContent": "space-between",
              "paddingHorizontal": 20,
              "paddingTop": 20,
            },
          ]
        }
      >
        <View
          accessible={true}
          collapsable={false}
          focusable={true}
          hitSlop={20}
          onBlur={[Function]}
          onClick={[Function]}
          onFocus={[Function]}
          onResponderGrant={[Function]}
          onResponderMove={[Function]}
          onResponderRelease={[Function]}
          onResponderTerminate={[Function]}
          onResponderTerminationRequest={[Function]}
          onStartShouldSetResponder={[Function]}
          style={
            Array [
              Object {
                "alignItems": "center",
                "justifyContent": "center",
              },
              undefined,
              false,
            ]
          }
          testID="dashboard-profile-icon-btn-test-id"
        >
          <SvgMock
            color="#3B5999"
            height={25}
            testID="profile-icon-test-id"
            width={25}
          />
        </View>
        <Text
          style={
            Array [
              Object {
                "color": "#4C4C60",
                "fontFamily": "MulishRegular",
                "fontSize": 17,
                "lineHeight": 27.2,
              },
              Object {
                "color": "#FFFFFF",
              },
            ]
          }
          testID="dashboard-nav-text-test-id"
        >
          Dashboard Nav
        </Text>
        <View
          accessible={true}
          collapsable={false}
          focusable={true}
          hitSlop={20}
          onBlur={[Function]}
          onClick={[Function]}
          onFocus={[Function]}
          onResponderGrant={[Function]}
          onResponderMove={[Function]}
          onResponderRelease={[Function]}
          onResponderTerminate={[Function]}
          onResponderTerminationRequest={[Function]}
          onStartShouldSetResponder={[Function]}
          style={
            Array [
              Object {
                "alignItems": "center",
                "justifyContent": "center",
              },
              undefined,
              false,
            ]
          }
          testID="dashboard-cards-btn-test-id"
        >
          <SvgMock
            color="#FFFFFF"
            height={25}
            testID="credit-cards-icon-test-id"
            width={25}
          />
        </View>
      </View>
      <View
        style={
          Array [
            Object {
              "borderColor": "#CED6E1",
              "borderTopWidth": 1,
            },
            Object {
              "marginVertical": 20,
              "opacity": 0.3,
            },
          ]
        }
        testID="dashboards-cards-divider-test-id"
      />
      <RCTScrollView
        contentContainerStyle={
          Object {
            "flexDirection": "row",
          }
        }
        data={
          Array [
            Object {
              "id": 1,
              "img": "card1",
            },
            Object {
              "id": 2,
              "img": "card2",
            },
            Object {
              "id": 3,
              "img": "card1",
            },
          ]
        }
        decelerationRate="fast"
        getItem={[Function]}
        getItemCount={[Function]}
        horizontal={true}
        initialScrollIndex={0}
        keyExtractor={[Function]}
        onContentSizeChange={[Function]}
        onLayout={[Function]}
        onMomentumScrollBegin={[Function]}
        onMomentumScrollEnd={[Function]}
        onScroll={[Function]}
        onScrollBeginDrag={[Function]}
        onScrollEndDrag={[Function]}
        pagingEnabled={true}
        removeClippedSubviews={false}
        renderItem={[Function]}
        scrollEventThrottle={50}
        showsHorizontalScrollIndicator={false}
        snapToAlignment="center"
        stickyHeaderIndices={Array []}
        viewabilityConfigCallbackPairs={
          Array [
            Object {
              "onViewableItemsChanged": [Function],
              "viewabilityConfig": Object {
                "viewAreaCoveragePercentThreshold": 50,
              },
            },
          ]
        }
      >
        <View>
          <View
            onLayout={[Function]}
            style={
              Array [
                Object {
                  "flexDirection": "row",
                },
                null,
              ]
            }
          >
            <Image
              source={1}
              style={
                Array [
                  Object {
                    "height": undefined,
                  },
                  Object {
                    "aspectRatio": 1.5472312703583062,
                  },
                  Object {
                    "width": 750,
                  },
                ]
              }
              testID="card1-img-test-id"
            />
          </View>
          <View
            onLayout={[Function]}
            style={
              Array [
                Object {
                  "flexDirection": "row",
                },
                null,
              ]
            }
          >
            <Image
              source={1}
              style={
                Array [
                  Object {
                    "height": undefined,
                  },
                  Object {
                    "aspectRatio": 1.5472312703583062,
                  },
                  Object {
                    "width": 750,
                  },
                ]
              }
              testID="card2-img-test-id"
            />
          </View>
          <View
            onLayout={[Function]}
            style={
              Array [
                Object {
                  "flexDirection": "row",
                },
                null,
              ]
            }
          >
            <Image
              source={1}
              style={
                Array [
                  Object {
                    "height": undefined,
                  },
                  Object {
                    "aspectRatio": 1.5472312703583062,
                  },
                  Object {
                    "width": 750,
                  },
                ]
              }
              testID="card1-img-test-id"
            />
          </View>
        </View>
      </RCTScrollView>
      <View
        style={
          Object {
            "alignItems": "center",
            "marginTop": -10,
          }
        }
      >
        <View
          style={
            Array [
              Object {
                "alignItems": "center",
              },
              Object {
                "flexDirection": "row",
              },
              undefined,
            ]
          }
          testID="dashboard-cards-paginator-test-id"
        >
          <View
            style={
              Array [
                Object {
                  "borderColor": "#1B1D4D",
                  "borderRadius": 100,
                  "borderWidth": 3,
                  "height": 8,
                  "marginHorizontal": 8,
                  "opacity": 0.2,
                  "width": 8,
                },
                Object {
                  "opacity": 1,
                },
                Object {
                  "borderColor": "#FFFFFF",
                },
              ]
            }
          />
          <View
            style={
              Array [
                Object {
                  "borderColor": "#1B1D4D",
                  "borderRadius": 100,
                  "borderWidth": 3,
                  "height": 8,
                  "marginHorizontal": 8,
                  "opacity": 0.2,
                  "width": 8,
                },
                false,
                Object {
                  "borderColor": "#FFFFFF",
                },
              ]
            }
          />
          <View
            style={
              Array [
                Object {
                  "borderColor": "#1B1D4D",
                  "borderRadius": 100,
                  "borderWidth": 3,
                  "height": 8,
                  "marginHorizontal": 8,
                  "opacity": 0.2,
                  "width": 8,
                },
                false,
                Object {
                  "borderColor": "#FFFFFF",
                },
              ]
            }
          />
        </View>
      </View>
    </RNCSafeAreaView>
  </View>
</View>
`;
