// Jest Snapshot v1, https://goo.gl/fbAQLP

exports[`Icon should match snapshot - amazon icon 1`] = `
<SvgMock
  color="red"
  height={20}
  testID="icon-test-id"
  width={20}
/>
`;

exports[`Icon should match snapshot - check icon 1`] = `
<SvgMock
  color="red"
  height={20}
  testID="icon-test-id"
  width={20}
/>
`;

exports[`Icon should match snapshot - chevron-left icon 1`] = `
<SvgMock
  color="red"
  height={20}
  testID="icon-test-id"
  width={20}
/>
`;

exports[`Icon should match snapshot - credit-card icon 1`] = `
<SvgMock
  color="red"
  height={20}
  testID="icon-test-id"
  width={20}
/>
`;

exports[`Icon should match snapshot - credit-cards icon 1`] = `
<SvgMock
  color="red"
  height={20}
  testID="icon-test-id"
  width={20}
/>
`;

exports[`Icon should match snapshot - dashboard icon 1`] = `
<SvgMock
  color="red"
  height={20}
  testID="icon-test-id"
  width={20}
/>
`;

exports[`Icon should match snapshot - deposits icon 1`] = `
<SvgMock
  color="red"
  height={20}
  testID="icon-test-id"
  width={20}
/>
`;

exports[`Icon should match snapshot - dollar-sign icon 1`] = `
<SvgMock
  color="red"
  height={20}
  testID="icon-test-id"
  width={20}
/>
`;

exports[`Icon should match snapshot - eye-off icon 1`] = `
<SvgMock
  color="red"
  height={20}
  testID="icon-test-id"
  width={20}
/>
`;

exports[`Icon should match snapshot - facebook icon 1`] = `
<SvgMock
  color="red"
  height={20}
  testID="icon-test-id"
  width={20}
/>
`;

exports[`Icon should match snapshot - flag-usa icon 1`] = `
<SvgMock
  color="red"
  height={20}
  testID="icon-test-id"
  width={20}
/>
`;

exports[`Icon should match snapshot - google-plus icon 1`] = `
<SvgMock
  color="red"
  height={20}
  testID="icon-test-id"
  width={20}
/>
`;

exports[`Icon should match snapshot - loans icon 1`] = `
<SvgMock
  color="red"
  height={20}
  testID="icon-test-id"
  width={20}
/>
`;

exports[`Icon should match snapshot - logo icon 1`] = `
<SvgMock
  color="red"
  height={20}
  testID="icon-test-id"
  width={20}
/>
`;

exports[`Icon should match snapshot - money-transfer icon 1`] = `
<SvgMock
  color="red"
  height={20}
  testID="icon-test-id"
  width={20}
/>
`;

exports[`Icon should match snapshot - more icon 1`] = `
<SvgMock
  color="red"
  height={20}
  testID="icon-test-id"
  width={20}
/>
`;

exports[`Icon should match snapshot - notifications icon 1`] = `
<SvgMock
  color="red"
  height={20}
  testID="icon-test-id"
  width={20}
/>
`;

exports[`Icon should match snapshot - paypal icon 1`] = `
<SvgMock
  color="red"
  height={20}
  testID="icon-test-id"
  width={20}
/>
`;

exports[`Icon should match snapshot - profile icon 1`] = `
<SvgMock
  color="red"
  height={20}
  testID="icon-test-id"
  width={20}
/>
`;

exports[`Icon should match snapshot - repeat icon 1`] = `
<SvgMock
  color="red"
  height={20}
  testID="icon-test-id"
  width={20}
/>
`;

exports[`Icon should match snapshot - smartphone icon 1`] = `
<SvgMock
  color="red"
  height={20}
  testID="icon-test-id"
  width={20}
/>
`;

exports[`Icon should match snapshot - twitter icon 1`] = `
<SvgMock
  color="red"
  height={20}
  testID="icon-test-id"
  width={20}
/>
`;
