// Jest Snapshot v1, https://goo.gl/fbAQLP

exports[`TextInput should match snapshot 1`] = `
<View
  style={
    Array [
      Object {
        "alignItems": "center",
      },
      Object {
        "flexDirection": "row",
      },
      Array [
        Object {
          "backgroundColor": "#FFFFFF",
          "borderRadius": 10,
          "shadowColor": "#161966",
          "shadowOffset": Object {
            "height": 6,
            "width": 0,
          },
          "shadowOpacity": 0.08,
          "shadowRadius": 16,
        },
        Array [
          Object {
            "height": 55,
            "paddingHorizontal": 20,
            "paddingVertical": 14,
          },
          Object {
            "height": 50,
          },
        ],
      ],
    ]
  }
  testID="text-input-test-id"
>
  <TextInput
    autoCorrect={false}
    keyboardType="default"
    onChangeText={[Function]}
    placeholder="Placeholder"
    secureTextEntry={false}
    style={
      Array [
        Object {
          "color": "#1B1D4D",
          "fontFamily": "MulishRegular",
          "fontSize": 15,
        },
        undefined,
      ]
    }
    testID="input-field-text-input-test-id"
    value=""
  />
</View>
`;
